// Jest Snapshot v1, https://goo.gl/fbAQLP

exports[`renders correctly 1`] = `
<div>
  <img
    alt="bike"
    onClick={[Function]}
    src="7.jpg"
  />
</div>
`;
