// Jest Snapshot v1, https://goo.gl/fbAQLP

exports[`renders correctly 1`] = `
<footer>
  <img
    alt="logo"
    className="App-logo"
    src="logo.svg"
  />
</footer>
`;
